141.101.69.133 - - [18/Nov/2018:03:42:41 +0200] "GET /srilanka-shop-berlin.com HTTP/1.1" 200 73784 "-" "Mozilla/5.0 (compatible; AhrefsBot/5.2; +http://ahrefs.com/robot/)"
172.69.23.109 - - [18/Nov/2018:03:43:20 +0200] "GET /bea_wls_deployment_internal HTTP/1.1" 200 4496 "-" "Mozilla/5.0 (Windows NT 10.0; Win64; x64; rv:57.0) Gecko/20100101 Firefox/57.0"
172.68.141.98 - - [18/Nov/2018:03:43:22 +0200] "GET /bea_wls_deployment_internal HTTP/1.1" 200 4495 "-" "Mozilla/5.0 (Windows NT 10.0; Win64; x64; rv:57.0) Gecko/20100101 Firefox/57.0"
141.101.69.133 - - [18/Nov/2018:03:43:33 +0200] "GET /costofcial.com HTTP/1.1" 200 4486 "https://alxth.info/" "Mozilla/5.0 (Windows; U; Windows NT 5.2; en-US) AppleWebKit/537.36 (KHTML, like Gecko) Safari/537.36 VivoBrowser/5.4.0 Chrome/38.0.2125.102,gzip(gfe)"
141.101.69.133 - - [18/Nov/2018:03:43:33 +0200] "GET /test-radar-develop.demo.almazor-it.info HTTP/1.1" 200 61719 "https://alxth.info/costofcial.com" "Mozilla/5.0 (Windows; U; Windows NT 5.2; en-US) AppleWebKit/537.36 (KHTML, like Gecko) Safari/537.36 VivoBrowser/5.4.0 Chrome/38.0.2125.102,gzip(gfe)"
141.101.69.133 - - [18/Nov/2018:03:43:33 +0200] "POST /test-radar-develop.demo.almazor-it.info/trackback/ HTTP/1.1" 403 1314 "https://costofcial.com" "PHP/5.3.28"
172.68.238.200 - - [18/Nov/2018:03:44:25 +0200] "HEAD /epg HTTP/1.1" 200 0 "-" "Kodi/17.6 (X11; Linux x86_64) Linux Mint/18.3 App_Bitness/64 Version/17.6-Git:20171114-a9a7a20"
172.68.238.44 - - [18/Nov/2018:03:44:25 +0200] "GET /epg HTTP/1.1" 200 4487 "-" "Kodi/17.6 (X11; Linux x86_64) Linux Mint/18.3 App_Bitness/64 Version/17.6-Git:20171114-a9a7a20"
162.158.93.187 - - [18/Nov/2018:03:46:27 +0200] "HEAD /epg HTTP/1.1" 200 0 "-" "Kodi/17.6 (Windows NT 10.0; WOW64) App_Bitness/32 Version/17.6-Git:20171114-a9a7a20"
162.158.89.89 - - [18/Nov/2018:03:46:27 +0200] "GET /epg HTTP/1.1" 200 4487 "-" "Kodi/17.6 (Windows NT 10.0; WOW64) App_Bitness/32 Version/17.6-Git:20171114-a9a7a20"
172.69.62.74 - - [18/Nov/2018:03:47:15 +0200] "GET /seo-links.xyz HTTP/1.1" 200 75751 "-" "CCBot/2.0 (https://commoncrawl.org/faq/)"
172.68.142.9 - - [18/Nov/2018:03:48:02 +0200] "GET / HTTP/1.1" 200 364063 "http://www.rootzpurefruits.com/" "Mozilla/5.0 (Macintosh; Intel Mac OS X 10_12_6) AppleWebKit/537.36 (KHTML, like Gecko) Chrome/61.0.3163.100 Safari/537.36"
173.245.54.5 - - [18/Nov/2018:03:48:17 +0200] "GET /checksiteworthonline.eu HTTP/1.1" 200 40743 "-" "CCBot/2.0 (https://commoncrawl.org/faq/)"
172.69.22.192 - - [18/Nov/2018:03:48:51 +0200] "GET /bea_wls_deployment_internal HTTP/1.1" 200 4496 "-" "Mozilla/5.0 (Windows NT 10.0; Win64; x64; rv:57.0) Gecko/20100101 Firefox/57.0"
172.69.22.192 - - [18/Nov/2018:03:48:53 +0200] "GET /bea_wls_deployment_internal HTTP/1.1" 200 4496 "-" "Mozilla/5.0 (Windows NT 10.0; Win64; x64; rv:57.0) Gecko/20100101 Firefox/57.0"
172.68.238.248 - - [18/Nov/2018:03:49:26 +0200] "HEAD /epg HTTP/1.1" 200 0 "-" "Kodi/17.6 (X11; Linux x86_64) Linux Mint/18.3 App_Bitness/64 Version/17.6-Git:20171114-a9a7a20"
172.68.238.212 - - [18/Nov/2018:03:49:26 +0200] "GET /epg HTTP/1.1" 200 4487 "-" "Kodi/17.6 (X11; Linux x86_64) Linux Mint/18.3 App_Bitness/64 Version/17.6-Git:20171114-a9a7a20"
162.158.78.224 - - [18/Nov/2018:03:49:58 +0200] "GET / HTTP/1.1" 200 364064 "-" "Mozilla/5.0 (X11; Linux x86_64) Gecko/20100101 Chrome/67.0.3396.79 Safari/537.36"
141.101.69.67 - - [18/Nov/2018:03:50:29 +0200] "GET /alva.kiev.ua HTTP/1.1" 200 54736 "-" "Mozilla/5.0 (compatible; AhrefsBot/5.2; +http://ahrefs.com/robot/)"
162.158.78.140 - - [18/Nov/2018:03:50:52 +0200] "GET / HTTP/1.1" 200 364064 "-" "CCBot/2.0 (https://commoncrawl.org/faq/)"
162.158.92.134 - - [18/Nov/2018:03:51:28 +0200] "HEAD /epg HTTP/1.1" 200 0 "-" "Kodi/17.6 (Windows NT 10.0; WOW64) App_Bitness/32 Version/17.6-Git:20171114-a9a7a20"
162.158.88.36 - - [18/Nov/2018:03:51:28 +0200] "GET /epg HTTP/1.1" 200 4488 "-" "Kodi/17.6 (Windows NT 10.0; WOW64) App_Bitness/32 Version/17.6-Git:20171114-a9a7a20"
172.68.238.50 - - [18/Nov/2018:03:54:26 +0200] "HEAD /epg HTTP/1.1" 200 0 "-" "Kodi/17.6 (X11; Linux x86_64) Linux Mint/18.3 App_Bitness/64 Version/17.6-Git:20171114-a9a7a20"
172.68.238.44 - - [18/Nov/2018:03:54:27 +0200] "GET /epg HTTP/1.1" 200 4488 "-" "Kodi/17.6 (X11; Linux x86_64) Linux Mint/18.3 App_Bitness/64 Version/17.6-Git:20171114-a9a7a20"
162.158.94.18 - - [18/Nov/2018:03:56:29 +0200] "HEAD /epg HTTP/1.1" 200 0 "-" "Kodi/17.6 (Windows NT 10.0; WOW64) App_Bitness/32 Version/17.6-Git:20171114-a9a7a20"
162.158.88.180 - - [18/Nov/2018:03:56:30 +0200] "GET /epg HTTP/1.1" 200 4486 "-" "Kodi/17.6 (Windows NT 10.0; WOW64) App_Bitness/32 Version/17.6-Git:20171114-a9a7a20"
141.101.88.230 - - [18/Nov/2018:03:56:34 +0200] "GET /test-radar-master.demo.almazor-it.info HTTP/1.1" 200 69470 "-" "Mozilla/5.0 (compatible; AhrefsBot/5.2; +http://ahrefs.com/robot/)"
172.68.239.99 - - [18/Nov/2018:03:59:27 +0200] "HEAD /epg HTTP/1.1" 200 0 "-" "Kodi/17.6 (X11; Linux x86_64) Linux Mint/18.3 App_Bitness/64 Version/17.6-Git:20171114-a9a7a20"
172.68.238.248 - - [18/Nov/2018:03:59:27 +0200] "GET /epg HTTP/1.1" 200 4487 "-" "Kodi/17.6 (X11; Linux x86_64) Linux Mint/18.3 App_Bitness/64 Version/17.6-Git:20171114-a9a7a20"
162.158.88.6 - - [18/Nov/2018:04:01:30 +0200] "HEAD /epg HTTP/1.1" 200 0 "-" "Kodi/17.6 (Windows NT 10.0; WOW64) App_Bitness/32 Version/17.6-Git:20171114-a9a7a20"
162.158.94.18 - - [18/Nov/2018:04:01:31 +0200] "GET /epg HTTP/1.1" 200 4485 "-" "Kodi/17.6 (Windows NT 10.0; WOW64) App_Bitness/32 Version/17.6-Git:20171114-a9a7a20"
172.69.226.21 - - [18/Nov/2018:04:01:39 +0200] "GET /ddbxskvfhpzdrd.html HTTP/1.1" 200 8903 "-" "Mozilla/5.0 (compatible; AhrefsBot/5.2; +http://ahrefs.com/robot/)"
108.162.229.224 - - [18/Nov/2018:04:02:17 +0200] "GET /epg HTTP/1.1" 200 4481 "-" "-"
141.101.69.199 - - [18/Nov/2018:04:02:17 +0200] "GET /epg HTTP/1.1" 200 4481 "-" "-"
173.245.54.17 - - [18/Nov/2018:04:04:22 +0200] "GET /seo-online.xyz HTTP/1.1" 200 48094 "-" "CCBot/2.0 (https://commoncrawl.org/faq/)"
172.68.238.212 - - [18/Nov/2018:04:04:28 +0200] "HEAD /epg HTTP/1.1" 200 0 "-" "Kodi/17.6 (X11; Linux x86_64) Linux Mint/18.3 App_Bitness/64 Version/17.6-Git:20171114-a9a7a20"
172.68.238.44 - - [18/Nov/2018:04:04:28 +0200] "GET /epg HTTP/1.1" 200 4487 "-" "Kodi/17.6 (X11; Linux x86_64) Linux Mint/18.3 App_Bitness/64 Version/17.6-Git:20171114-a9a7a20"
162.158.88.180 - - [18/Nov/2018:04:06:31 +0200] "HEAD /epg HTTP/1.1" 200 0 "-" "Kodi/17.6 (Windows NT 10.0; WOW64) App_Bitness/32 Version/17.6-Git:20171114-a9a7a20"
162.158.92.92 - - [18/Nov/2018:04:06:32 +0200] "GET /epg HTTP/1.1" 200 4487 "-" "Kodi/17.6 (Windows NT 10.0; WOW64) App_Bitness/32 Version/17.6-Git:20171114-a9a7a20"
141.101.69.67 - - [18/Nov/2018:04:07:42 +0200] "GET /login HTTP/1.1" 200 4243 "-" "Mozilla/5.0 (compatible; AhrefsBot/5.2; +http://ahrefs.com/robot/)"
172.68.238.200 - - [18/Nov/2018:04:09:28 +0200] "HEAD /epg HTTP/1.1" 200 0 "-" "Kodi/17.6 (X11; Linux x86_64) Linux Mint/18.3 App_Bitness/64 Version/17.6-Git:20171114-a9a7a20"
172.68.238.44 - - [18/Nov/2018:04:09:29 +0200] "GET /epg HTTP/1.1" 200 4486 "-" "Kodi/17.6 (X11; Linux x86_64) Linux Mint/18.3 App_Bitness/64 Version/17.6-Git:20171114-a9a7a20"
162.158.255.14 - - [18/Nov/2018:04:09:51 +0200] "GET / HTTP/1.1" 200 364063 "http://www.alxth.info/" "Mozilla/5.0 (Macintosh; Intel Mac OS X 10_12_6) AppleWebKit/537.36 (KHTML, like Gecko) Chrome/61.0.3163.100 Safari/537.36"
162.158.93.211 - - [18/Nov/2018:04:11:32 +0200] "HEAD /epg HTTP/1.1" 200 0 "-" "Kodi/17.6 (Windows NT 10.0; WOW64) App_Bitness/32 Version/17.6-Git:20171114-a9a7a20"
162.158.93.211 - - [18/Nov/2018:04:11:33 +0200] "GET /epg HTTP/1.1" 200 4487 "-" "Kodi/17.6 (Windows NT 10.0; WOW64) App_Bitness/32 Version/17.6-Git:20171114-a9a7a20"
172.69.226.117 - - [18/Nov/2018:04:13:50 +0200] "GET /yafoqnec.html HTTP/1.1" 200 8899 "-" "Mozilla/5.0 (compatible; AhrefsBot/5.2; +http://ahrefs.com/robot/)"
162.158.78.230 - - [18/Nov/2018:04:14:58 +0200] "GET /srilanka-ferien.net HTTP/1.1" 200 101379 "-" "CCBot/2.0 (https://commoncrawl.org/faq/)"
162.158.92.92 - - [18/Nov/2018:04:16:33 +0200] "HEAD /epg HTTP/1.1" 200 0 "-" "Kodi/17.6 (Windows NT 10.0; WOW64) App_Bitness/32 Version/17.6-Git:20171114-a9a7a20"
162.158.92.92 - - [18/Nov/2018:04:16:34 +0200] "GET /epg HTTP/1.1" 200 4487 "-" "Kodi/17.6 (Windows NT 10.0; WOW64) App_Bitness/32 Version/17.6-Git:20171114-a9a7a20"
162.158.78.230 - - [18/Nov/2018:04:19:05 +0200] "GET / HTTP/1.1" 200 364064 "-" "Mozilla/5.0 (X11; Linux x86_64) Trident/5.0 Chrome/67.0.3396.79 Safari/537.36"
172.69.62.140 - - [18/Nov/2018:04:19:19 +0200] "GET /caribbean-dream.biz HTTP/1.1" 200 73802 "-" "CCBot/2.0 (https://commoncrawl.org/faq/)"
172.69.226.87 - - [18/Nov/2018:04:19:54 +0200] "GET /vimgvdpxjud.html HTTP/1.1" 200 8898 "-" "Mozilla/5.0 (compatible; AhrefsBot/5.2; +http://ahrefs.com/robot/)"
162.158.89.89 - - [18/Nov/2018:04:21:34 +0200] "HEAD /epg HTTP/1.1" 200 0 "-" "Kodi/17.6 (Windows NT 10.0; WOW64) App_Bitness/32 Version/17.6-Git:20171114-a9a7a20"
162.158.88.30 - - [18/Nov/2018:04:21:35 +0200] "GET /epg HTTP/1.1" 200 4487 "-" "Kodi/17.6 (Windows NT 10.0; WOW64) App_Bitness/32 Version/17.6-Git:20171114-a9a7a20"
172.69.62.194 - - [18/Nov/2018:04:23:01 +0200] "GET /btc-pro.biz HTTP/1.1" 200 73071 "-" "CCBot/2.0 (https://commoncrawl.org/faq/)"
108.162.229.32 - - [18/Nov/2018:04:26:30 +0200] "GET /sitedoctor-prorank.com HTTP/1.1" 200 61919 "-" "Mozilla/5.0 (compatible; AhrefsBot/5.2; +http://ahrefs.com/robot/)"
162.158.88.30 - - [18/Nov/2018:04:26:35 +0200] "HEAD /epg HTTP/1.1" 200 0 "-" "Kodi/17.6 (Windows NT 10.0; WOW64) App_Bitness/32 Version/17.6-Git:20171114-a9a7a20"
162.158.88.6 - - [18/Nov/2018:04:26:36 +0200] "GET /epg HTTP/1.1" 200 4488 "-" "Kodi/17.6 (Windows NT 10.0; WOW64) App_Bitness/32 Version/17.6-Git:20171114-a9a7a20"
162.158.88.180 - - [18/Nov/2018:04:31:36 +0200] "HEAD /epg HTTP/1.1" 200 0 "-" "Kodi/17.6 (Windows NT 10.0; WOW64) App_Bitness/32 Version/17.6-Git:20171114-a9a7a20"
162.158.94.18 - - [18/Nov/2018:04:31:37 +0200] "GET /epg HTTP/1.1" 200 4486 "-" "Kodi/17.6 (Windows NT 10.0; WOW64) App_Bitness/32 Version/17.6-Git:20171114-a9a7a20"
108.162.229.32 - - [18/Nov/2018:04:32:35 +0200] "GET /gatfin.com HTTP/1.1" 200 72129 "-" "Mozilla/5.0 (compatible; AhrefsBot/5.2; +http://ahrefs.com/robot/)"
162.158.88.180 - - [18/Nov/2018:04:36:37 +0200] "HEAD /epg HTTP/1.1" 200 0 "-" "Kodi/17.6 (Windows NT 10.0; WOW64) App_Bitness/32 Version/17.6-Git:20171114-a9a7a20"
162.158.93.187 - - [18/Nov/2018:04:36:38 +0200] "GET /epg HTTP/1.1" 200 4487 "-" "Kodi/17.6 (Windows NT 10.0; WOW64) App_Bitness/32 Version/17.6-Git:20171114-a9a7a20"
162.158.79.21 - - [18/Nov/2018:04:36:54 +0200] "GET /online.sri-lanka-shop-berlin.de HTTP/1.1" 200 78095 "-" "CCBot/2.0 (https://commoncrawl.org/faq/)"
172.68.65.130 - - [18/Nov/2018:04:37:32 +0200] "GET /robots.txt HTTP/1.1" 304 0 "-" "Mozilla/5.0 (compatible; SemrushBot/2~bl; +http://www.semrush.com/bot.html)"
162.158.78.56 - - [18/Nov/2018:04:37:52 +0200] "GET /filter/made_with/jQuery HTTP/1.1" 200 186621 "-" "Mozilla/5.0 (compatible; SemrushBot/2~bl; +http://www.semrush.com/bot.html)"
172.69.226.117 - - [18/Nov/2018:04:40:27 +0200] "GET /srilanka-ferien.net HTTP/1.1" 200 101379 "-" "Mozilla/5.0 (compatible; AhrefsBot/5.2; +http://ahrefs.com/robot/)"
162.158.93.211 - - [18/Nov/2018:04:41:38 +0200] "HEAD /epg HTTP/1.1" 200 0 "-" "Kodi/17.6 (Windows NT 10.0; WOW64) App_Bitness/32 Version/17.6-Git:20171114-a9a7a20"
162.158.93.211 - - [18/Nov/2018:04:41:39 +0200] "GET /epg HTTP/1.1" 200 4488 "-" "Kodi/17.6 (Windows NT 10.0; WOW64) App_Bitness/32 Version/17.6-Git:20171114-a9a7a20"
172.69.226.21 - - [18/Nov/2018:04:45:59 +0200] "GET / HTTP/1.1" 200 364062 "-" "Mozilla/5.0 (compatible; AhrefsBot/5.2; +http://ahrefs.com/robot/)"
162.158.88.36 - - [18/Nov/2018:04:46:39 +0200] "HEAD /epg HTTP/1.1" 200 0 "-" "Kodi/17.6 (Windows NT 10.0; WOW64) App_Bitness/32 Version/17.6-Git:20171114-a9a7a20"
162.158.91.39 - - [18/Nov/2018:04:46:40 +0200] "GET /epg HTTP/1.1" 200 4487 "-" "Kodi/17.6 (Windows NT 10.0; WOW64) App_Bitness/32 Version/17.6-Git:20171114-a9a7a20"
172.69.62.74 - - [18/Nov/2018:04:50:08 +0200] "GET / HTTP/1.1" 200 364064 "-" "Mozilla/5.0 (Windows NT 6.1; Win64; x64; rv:47.0) Trident/5.0 Chrome/67.0.3396.79 Safari/537.36"
172.68.50.140 - - [18/Nov/2018:04:50:56 +0200] "GET / HTTP/1.1" 200 364048 "https://yandex.ru/clck/jsredir?bu=adf3&from=yandex.ru%3Bsearch%2F%3Bweb%3B%3B&text=&etext=1974.1rt6kVDT_yawF2reGeFIdGxksDAAZ6TN1uJPXNPBVPNYrnqXRM-IPELO1U4QlB2t.d2efa24d57c32b580b718951e15d76e556f5f722&uuid=&state=PEtFfuTeVD5kpHnK9lio9dFa2ePbDzX7fH_cbK-eu2V8J4cbFpzDXW9rYi7SZhqEJIq8fXhATr5ZDzTC0wt8G3_gJx6j4JtiWNTkLlj3OoOuMaM4tSnnJw,,&&cst=AiuY0DBWFJ5Hyx_fyvalFAbfO2tshXPm1smxZB9IBJhauK70TB2yWGciDirHvt2usu8K7wrUbjYzQLcVfSGv2C4ZuKcksIK50mIKsxVN2Gpj060EErUqqgenisI0a4FFjbrawdS2GZruwudPdwbYgNGqSfDPpeFT1OgvyHEiVZhWxIv3md2FlISoZsB8pH1eNT7J2jVJqZ7CQ_EH3a4PeTRnx1KUDUSC48v3C4ZUzpMHoDaPv3VhwUJ9R1HkceERX4R3PLI2oiXAY0d__nfzYo20qUAbPnEopFJmRbrKWiNv7JZtb0IqnsJYwm1NgHx-VZwzIpgvCQ8YxTE96XL9VRkaWtEYTxb9IK5MiiciJz9M_xB-niqW3iGnhQfj75ILBi43dI_lGfY7-bFDK7f8DXZg4he3spSNdDNnpz0gEC2kT0uSe5-zWff7ezx8U0LtskE2XDacT4f60fJfs5EE0cYbIpInrzpqy3gXOvyukC2NyszKXgwi3OD6zUxngi-ZM3VZsXZIL-fyYB8eDEzeRcclU9o6LqwTtoQX2IxvfQHuWq8Yr0hqKMWFdEVrJ9O3up53LUr2gFbI3QQdxIJA0xSji7rctX1f7ggTwRB3njbaWCXcfC35TpBRqVNFqo3d&data=UlNrNmk5WktYejY4cHFySjRXSWhXQi11MFdZRWVYaEY4aDB1UFFjNVl1Zy1obldIS1M5QWgzQmdDYkdHSmMxbE5acFdrcl9qbFAwSmZSMTFLZjA2OEZTenNfNTUtdWFI&sign=a7629a368e098ba2f40e4bfc393611a5&keyno=0&b64e=2&ref=orjY4mGPRjk5boDnW0uvlrrd71vZw9kpHstIJTJcImWswQwxobpZa0aurgA19FDhOiO_R2XGweiBH8rY3mM_K_uaAFK6ocdJ&l10n=ru&rp=1&cts=1542509347211&mc=4.2963379801223045&hdtime=202821" "Mozilla/5.0 (Windows NT 10.0; WOW64; rv:63.0) Gecko/20100101 Firefox/63.0"
172.68.50.188 - - [18/Nov/2018:04:50:57 +0200] "GET /assets/images/icons/PHP.png HTTP/1.1" 200 918 "https://alxth.info/" "Mozilla/5.0 (Windows NT 10.0; WOW64; rv:63.0) Gecko/20100101 Firefox/63.0"
172.68.50.116 - - [18/Nov/2018:04:50:57 +0200] "GET /assets/images/icons/Apache.png HTTP/1.1" 200 1243 "https://alxth.info/" "Mozilla/5.0 (Windows NT 10.0; WOW64; rv:63.0) Gecko/20100101 Firefox/63.0"
172.68.51.188 - - [18/Nov/2018:04:50:57 +0200] "GET /assets/images/icons/Google%20Font%20API.png HTTP/1.1" 200 1459 "https://alxth.info/" "Mozilla/5.0 (Windows NT 10.0; WOW64; rv:63.0) Gecko/20100101 Firefox/63.0"
172.68.51.170 - - [18/Nov/2018:04:50:57 +0200] "GET /assets/css/style.css?v=3.3.4 HTTP/1.1" 200 6892 "https://alxth.info/" "Mozilla/5.0 (Windows NT 10.0; WOW64; rv:63.0) Gecko/20100101 Firefox/63.0"
172.68.51.164 - - [18/Nov/2018:04:50:57 +0200] "GET /assets/images/icons/Nginx.png HTTP/1.1" 200 800 "https://alxth.info/" "Mozilla/5.0 (Windows NT 10.0; WOW64; rv:63.0) Gecko/20100101 Firefox/63.0"
172.68.51.44 - - [18/Nov/2018:04:50:57 +0200] "GET /assets/images/icons/LiteSpeed.png HTTP/1.1" 200 194 "https://alxth.info/" "Mozilla/5.0 (Windows NT 10.0; WOW64; rv:63.0) Gecko/20100101 Firefox/63.0"
172.68.50.110 - - [18/Nov/2018:04:50:57 +0200] "GET /uploads/da39a3ee5e6b4b0d3255bfef95601890afd807092.png HTTP/1.1" 304 0 "https://alxth.info/" "Mozilla/5.0 (Windows NT 10.0; WOW64; rv:63.0) Gecko/20100101 Firefox/63.0"
172.68.51.152 - - [18/Nov/2018:04:50:57 +0200] "GET /assets/images/icons/CodeIgniter.png HTTP/1.1" 200 1037 "https://alxth.info/" "Mozilla/5.0 (Windows NT 10.0; WOW64; rv:63.0) Gecko/20100101 Firefox/63.0"
172.68.51.86 - - [18/Nov/2018:04:50:57 +0200] "GET /assets/images/icons/UNIX.png HTTP/1.1" 200 1599 "https://alxth.info/" "Mozilla/5.0 (Windows NT 10.0; WOW64; rv:63.0) Gecko/20100101 Firefox/63.0"
172.68.51.146 - - [18/Nov/2018:04:50:57 +0200] "GET /assets/images/icons/CloudFlare.png HTTP/1.1" 200 661 "https://alxth.info/" "Mozilla/5.0 (Windows NT 10.0; WOW64; rv:63.0) Gecko/20100101 Firefox/63.0"
172.68.51.176 - - [18/Nov/2018:04:50:57 +0200] "GET /assets/images/icons/Ionicons.png HTTP/1.1" 200 671 "https://alxth.info/" "Mozilla/5.0 (Windows NT 10.0; WOW64; rv:63.0) Gecko/20100101 Firefox/63.0"
172.68.50.164 - - [18/Nov/2018:04:50:57 +0200] "GET /assets/images/icons/Laravel.png HTTP/1.1" 200 318 "https://alxth.info/" "Mozilla/5.0 (Windows NT 10.0; WOW64; rv:63.0) Gecko/20100101 Firefox/63.0"
172.68.50.116 - - [18/Nov/2018:04:50:57 +0200] "GET /assets/images/icons/jQuery.png HTTP/1.1" 200 1336 "https://alxth.info/" "Mozilla/5.0 (Windows NT 10.0; WOW64; rv:63.0) Gecko/20100101 Firefox/63.0"
172.68.51.134 - - [18/Nov/2018:04:50:57 +0200] "GET /assets/images/icons/Twitter%20Bootstrap.png HTTP/1.1" 200 1427 "https://alxth.info/" "Mozilla/5.0 (Windows NT 10.0; WOW64; rv:63.0) Gecko/20100101 Firefox/63.0"
172.68.50.122 - - [18/Nov/2018:04:50:57 +0200] "GET /assets/js/app.js?v=3.3.4 HTTP/1.1" 200 5408 "https://alxth.info/" "Mozilla/5.0 (Windows NT 10.0; WOW64; rv:63.0) Gecko/20100101 Firefox/63.0"
172.68.51.98 - - [18/Nov/2018:04:50:57 +0200] "GET /assets/images/icons/Font%20Awesome.png HTTP/1.1" 200 590 "https://alxth.info/" "Mozilla/5.0 (Windows NT 10.0; WOW64; rv:63.0) Gecko/20100101 Firefox/63.0"
172.68.51.50 - - [18/Nov/2018:04:50:57 +0200] "GET /assets/images/bg.jpg HTTP/1.1" 200 394488 "https://alxth.info/" "Mozilla/5.0 (Windows NT 10.0; WOW64; rv:63.0) Gecko/20100101 Firefox/63.0"
172.68.51.80 - - [18/Nov/2018:04:50:58 +0200] "GET /assets/images/favicon.png HTTP/1.1" 200 1569 "-" "Mozilla/5.0 (Windows NT 10.0; WOW64; rv:63.0) Gecko/20100101 Firefox/63.0"
172.68.51.20 - - [18/Nov/2018:04:50:58 +0200] "GET /assets/images/no-picture.jpg HTTP/1.1" 200 15065 "https://alxth.info/" "Mozilla/5.0 (Windows NT 10.0; WOW64; rv:63.0) Gecko/20100101 Firefox/63.0"
172.68.50.140 - - [18/Nov/2018:04:51:04 +0200] "POST /backend/validate HTTP/1.1" 200 1630 "https://alxth.info/" "Mozilla/5.0 (Windows NT 10.0; WOW64; rv:63.0) Gecko/20100101 Firefox/63.0"
172.68.50.140 - - [18/Nov/2018:04:51:07 +0200] "POST /backend/process HTTP/1.1" 200 72 "https://alxth.info/" "Mozilla/5.0 (Windows NT 10.0; WOW64; rv:63.0) Gecko/20100101 Firefox/63.0"
172.68.50.140 - - [18/Nov/2018:04:51:12 +0200] "POST /backend/process HTTP/1.1" 200 14749 "https://alxth.info/" "Mozilla/5.0 (Windows NT 10.0; WOW64; rv:63.0) Gecko/20100101 Firefox/63.0"
172.68.50.140 - - [18/Nov/2018:04:51:15 +0200] "POST /backend/process HTTP/1.1" 200 72 "https://alxth.info/" "Mozilla/5.0 (Windows NT 10.0; WOW64; rv:63.0) Gecko/20100101 Firefox/63.0"
172.68.50.140 - - [18/Nov/2018:04:51:25 +0200] "POST /backend/process HTTP/1.1" 200 72 "https://alxth.info/" "Mozilla/5.0 (Windows NT 10.0; WOW64; rv:63.0) Gecko/20100101 Firefox/63.0"
172.68.50.140 - - [18/Nov/2018:04:51:35 +0200] "POST /backend/process HTTP/1.1" 200 72 "https://alxth.info/" "Mozilla/5.0 (Windows NT 10.0; WOW64; rv:63.0) Gecko/20100101 Firefox/63.0"
172.68.50.140 - - [18/Nov/2018:04:51:35 +0200] "GET / HTTP/1.1" 200 364066 "https://yandex.ru/clck/jsredir?bu=adf3&from=yandex.ru%3Bsearch%2F%3Bweb%3B%3B&text=&etext=1974.1rt6kVDT_yawF2reGeFIdGxksDAAZ6TN1uJPXNPBVPNYrnqXRM-IPELO1U4QlB2t.d2efa24d57c32b580b718951e15d76e556f5f722&uuid=&state=PEtFfuTeVD5kpHnK9lio9dFa2ePbDzX7fH_cbK-eu2V8J4cbFpzDXW9rYi7SZhqEJIq8fXhATr5ZDzTC0wt8G3_gJx6j4JtiWNTkLlj3OoOuMaM4tSnnJw,,&&cst=AiuY0DBWFJ5Hyx_fyvalFAbfO2tshXPm1smxZB9IBJhauK70TB2yWGciDirHvt2usu8K7wrUbjYzQLcVfSGv2C4ZuKcksIK50mIKsxVN2Gpj060EErUqqgenisI0a4FFjbrawdS2GZruwudPdwbYgNGqSfDPpeFT1OgvyHEiVZhWxIv3md2FlISoZsB8pH1eNT7J2jVJqZ7CQ_EH3a4PeTRnx1KUDUSC48v3C4ZUzpMHoDaPv3VhwUJ9R1HkceERX4R3PLI2oiXAY0d__nfzYo20qUAbPnEopFJmRbrKWiNv7JZtb0IqnsJYwm1NgHx-VZwzIpgvCQ8YxTE96XL9VRkaWtEYTxb9IK5MiiciJz9M_xB-niqW3iGnhQfj75ILBi43dI_lGfY7-bFDK7f8DXZg4he3spSNdDNnpz0gEC2kT0uSe5-zWff7ezx8U0LtskE2XDacT4f60fJfs5EE0cYbIpInrzpqy3gXOvyukC2NyszKXgwi3OD6zUxngi-ZM3VZsXZIL-fyYB8eDEzeRcclU9o6LqwTtoQX2IxvfQHuWq8Yr0hqKMWFdEVrJ9O3up53LUr2gFbI3QQdxIJA0xSji7rctX1f7ggTwRB3njbaWCXcfC35TpBRqVNFqo3d&data=UlNrNmk5WktYejY4cHFySjRXSWhXQi11MFdZRWVYaEY4aDB1UFFjNVl1Zy1obldIS1M5QWgzQmdDYkdHSmMxbE5acFdrcl9qbFAwSmZSMTFLZjA2OEZTenNfNTUtdWFI&sign=a7629a368e098ba2f40e4bfc393611a5&keyno=0&b64e=2&ref=orjY4mGPRjk5boDnW0uvlrrd71vZw9kpHstIJTJcImWswQwxobpZa0aurgA19FDhOiO_R2XGweiBH8rY3mM_K_uaAFK6ocdJ&l10n=ru&rp=1&cts=1542509382671&mc=4.57822105126751&hdtime=238281" "Mozilla/5.0 (Windows NT 10.0; WOW64; rv:63.0) Gecko/20100101 Firefox/63.0"
172.68.51.38 - - [18/Nov/2018:04:51:35 +0200] "GET /assets/images/facebook_banner.jpg HTTP/1.1" 200 146893 "-" "Mozilla/5.0 (Windows NT 10.0; WOW64; rv:63.0) Gecko/20100101 Firefox/63.0"
172.68.51.164 - - [18/Nov/2018:04:51:36 +0200] "GET /favicon.ico HTTP/1.1" 200 4482 "-" "Mozilla/5.0 (Windows NT 10.0; WOW64; rv:63.0) Gecko/20100101 Firefox/63.0"
172.68.65.130 - - [18/Nov/2018:04:51:38 +0200] "GET /robots.txt HTTP/1.1" 304 0 "-" "Mozilla/5.0 (compatible; YandexBot/3.0; +http://yandex.com/bots)"
172.68.50.140 - - [18/Nov/2018:04:51:38 +0200] "POST /backend/process HTTP/1.1" 200 72 "https://alxth.info/" "Mozilla/5.0 (Windows NT 10.0; WOW64; rv:63.0) Gecko/20100101 Firefox/63.0"
162.158.88.180 - - [18/Nov/2018:04:51:40 +0200] "HEAD /epg HTTP/1.1" 200 0 "-" "Kodi/17.6 (Windows NT 10.0; WOW64) App_Bitness/32 Version/17.6-Git:20171114-a9a7a20"
162.158.91.237 - - [18/Nov/2018:04:51:41 +0200] "GET /epg HTTP/1.1" 200 4486 "-" "Kodi/17.6 (Windows NT 10.0; WOW64) App_Bitness/32 Version/17.6-Git:20171114-a9a7a20"
172.68.51.158 - - [18/Nov/2018:04:51:41 +0200] "GET / HTTP/1.1" 200 364047 "-" "Mozilla/5.0 (compatible; YandexBot/3.0; +http://yandex.com/bots)"
172.68.50.140 - - [18/Nov/2018:04:51:57 +0200] "POST /backend/process HTTP/1.1" 200 72 "https://alxth.info/" "Mozilla/5.0 (Windows NT 10.0; WOW64; rv:63.0) Gecko/20100101 Firefox/63.0"
172.68.50.140 - - [18/Nov/2018:04:51:58 +0200] "POST /backend/validate HTTP/1.1" 200 1627 "https://alxth.info/" "Mozilla/5.0 (Windows NT 10.0; WOW64; rv:63.0) Gecko/20100101 Firefox/63.0"
172.68.50.140 - - [18/Nov/2018:04:51:58 +0200] "GET / HTTP/1.1" 200 364065 "https://yandex.ru/clck/jsredir?bu=adf3&from=yandex.ru%3Bsearch%2F%3Bweb%3B%3B&text=&etext=1974.1rt6kVDT_yawF2reGeFIdGxksDAAZ6TN1uJPXNPBVPNYrnqXRM-IPELO1U4QlB2t.d2efa24d57c32b580b718951e15d76e556f5f722&uuid=&state=PEtFfuTeVD5kpHnK9lio9dFa2ePbDzX7fH_cbK-eu2V8J4cbFpzDXW9rYi7SZhqEJIq8fXhATr5ZDzTC0wt8G3_gJx6j4JtiWNTkLlj3OoOuMaM4tSnnJw,,&&cst=AiuY0DBWFJ5Hyx_fyvalFAbfO2tshXPm1smxZB9IBJhauK70TB2yWGciDirHvt2usu8K7wrUbjYzQLcVfSGv2C4ZuKcksIK50mIKsxVN2Gpj060EErUqqgenisI0a4FFjbrawdS2GZruwudPdwbYgNGqSfDPpeFT1OgvyHEiVZhWxIv3md2FlISoZsB8pH1eNT7J2jVJqZ7CQ_EH3a4PeTRnx1KUDUSC48v3C4ZUzpMHoDaPv3VhwUJ9R1HkceERX4R3PLI2oiXAY0d__nfzYo20qUAbPnEopFJmRbrKWiNv7JZtb0IqnsJYwm1NgHx-VZwzIpgvCQ8YxTE96XL9VRkaWtEYTxb9IK5MiiciJz9M_xB-niqW3iGnhQfj75ILBi43dI_lGfY7-bFDK7f8DXZg4he3spSNdDNnpz0gEC2kT0uSe5-zWff7ezx8U0LtskE2XDacT4f60fJfs5EE0cYbIpInrzpqy3gXOvyukC2NyszKXgwi3OD6zUxngi-ZM3VZsXZIL-fyYB8eDEzeRcclU9o6LqwTtoQX2IxvfQHuWq8Yr0hqKMWFdEVrJ9O3up53LUr2gFbI3QQdxIJA0xSji7rctX1f7ggTwRB3njbaWCXcfC35TpBRqVNFqo3d&data=UlNrNmk5WktYejY4cHFySjRXSWhXQi11MFdZRWVYaEY4aDB1UFFjNVl1Zy1obldIS1M5QWgzQmdDYkdHSmMxbE5acFdrcl9qbFAwSmZSMTFLZjA2OEZTenNfNTUtdWFI&sign=a7629a368e098ba2f40e4bfc393611a5&keyno=0&b64e=2&ref=orjY4mGPRjk5boDnW0uvlrrd71vZw9kpHstIJTJcImWswQwxobpZa0aurgA19FDhOiO_R2XGweiBH8rY3mM_K_uaAFK6ocdJ&l10n=ru&rp=1&cts=1542509404151&mc=4.574416535955888&hdtime=259762" "Mozilla/5.0 (Windows NT 10.0; WOW64; rv:63.0) Gecko/20100101 Firefox/63.0"
172.68.50.140 - - [18/Nov/2018:04:52:01 +0200] "POST /backend/process HTTP/1.1" 200 72 "https://alxth.info/" "Mozilla/5.0 (Windows NT 10.0; WOW64; rv:63.0) Gecko/20100101 Firefox/63.0"
172.68.50.140 - - [18/Nov/2018:04:52:06 +0200] "POST /backend/process HTTP/1.1" 200 34327 "https://alxth.info/" "Mozilla/5.0 (Windows NT 10.0; WOW64; rv:63.0) Gecko/20100101 Firefox/63.0"
172.68.50.140 - - [18/Nov/2018:04:52:07 +0200] "POST /backend/validate HTTP/1.1" 200 1629 "https://alxth.info/" "Mozilla/5.0 (Windows NT 10.0; WOW64; rv:63.0) Gecko/20100101 Firefox/63.0"
172.68.50.140 - - [18/Nov/2018:04:52:11 +0200] "POST /backend/process HTTP/1.1" 200 13748 "https://alxth.info/" "Mozilla/5.0 (Windows NT 10.0; WOW64; rv:63.0) Gecko/20100101 Firefox/63.0"
172.68.50.140 - - [18/Nov/2018:04:52:14 +0200] "POST /backend/process HTTP/1.1" 200 72 "https://alxth.info/" "Mozilla/5.0 (Windows NT 10.0; WOW64; rv:63.0) Gecko/20100101 Firefox/63.0"
172.68.50.140 - - [18/Nov/2018:04:52:16 +0200] "POST /backend/process HTTP/1.1" 200 72 "https://alxth.info/" "Mozilla/5.0 (Windows NT 10.0; WOW64; rv:63.0) Gecko/20100101 Firefox/63.0"
172.68.50.140 - - [18/Nov/2018:04:52:20 +0200] "POST /backend/process HTTP/1.1" 200 12585 "https://alxth.info/" "Mozilla/5.0 (Windows NT 10.0; WOW64; rv:63.0) Gecko/20100101 Firefox/63.0"
172.68.50.140 - - [18/Nov/2018:04:52:24 +0200] "POST /backend/process HTTP/1.1" 200 72 "https://alxth.info/" "Mozilla/5.0 (Windows NT 10.0; WOW64; rv:63.0) Gecko/20100101 Firefox/63.0"
172.68.50.140 - - [18/Nov/2018:04:52:25 +0200] "POST /backend/process HTTP/1.1" 200 72 "https://alxth.info/" "Mozilla/5.0 (Windows NT 10.0; WOW64; rv:63.0) Gecko/20100101 Firefox/63.0"
172.68.50.140 - - [18/Nov/2018:04:52:26 +0200] "POST /backend/process HTTP/1.1" 200 72 "https://alxth.info/" "Mozilla/5.0 (Windows NT 10.0; WOW64; rv:63.0) Gecko/20100101 Firefox/63.0"
172.68.50.140 - - [18/Nov/2018:04:52:28 +0200] "POST /backend/process HTTP/1.1" 200 72 "https://alxth.info/" "Mozilla/5.0 (Windows NT 10.0; WOW64; rv:63.0) Gecko/20100101 Firefox/63.0"
108.162.229.32 - - [18/Nov/2018:04:52:36 +0200] "GET /rankingonline-verzeichnis.org HTTP/1.1" 200 74073 "-" "Mozilla/5.0 (compatible; AhrefsBot/5.2; +http://ahrefs.com/robot/)"
172.68.50.140 - - [18/Nov/2018:04:52:37 +0200] "POST /backend/process HTTP/1.1" 200 72 "https://alxth.info/" "Mozilla/5.0 (Windows NT 10.0; WOW64; rv:63.0) Gecko/20100101 Firefox/63.0"
172.68.50.140 - - [18/Nov/2018:04:52:41 +0200] "POST /backend/process HTTP/1.1" 200 72 "https://alxth.info/" "Mozilla/5.0 (Windows NT 10.0; WOW64; rv:63.0) Gecko/20100101 Firefox/63.0"
172.68.50.140 - - [18/Nov/2018:04:52:51 +0200] "POST /backend/process HTTP/1.1" 200 72 "https://alxth.info/" "Mozilla/5.0 (Windows NT 10.0; WOW64; rv:63.0) Gecko/20100101 Firefox/63.0"
172.68.50.140 - - [18/Nov/2018:04:53:01 +0200] "POST /backend/process HTTP/1.1" 200 72 "https://alxth.info/" "Mozilla/5.0 (Windows NT 10.0; WOW64; rv:63.0) Gecko/20100101 Firefox/63.0"
172.68.50.140 - - [18/Nov/2018:04:53:01 +0200] "GET / HTTP/1.1" 200 294249 "https://yandex.ru/clck/jsredir?bu=adf3&from=yandex.ru%3Bsearch%2F%3Bweb%3B%3B&text=&etext=1974.1rt6kVDT_yawF2reGeFIdGxksDAAZ6TN1uJPXNPBVPNYrnqXRM-IPELO1U4QlB2t.d2efa24d57c32b580b718951e15d76e556f5f722&uuid=&state=PEtFfuTeVD5kpHnK9lio9dFa2ePbDzX7fH_cbK-eu2V8J4cbFpzDXW9rYi7SZhqEJIq8fXhATr5ZDzTC0wt8G3_gJx6j4JtiWNTkLlj3OoOuMaM4tSnnJw,,&&cst=AiuY0DBWFJ5Hyx_fyvalFAbfO2tshXPm1smxZB9IBJhauK70TB2yWGciDirHvt2usu8K7wrUbjYzQLcVfSGv2C4ZuKcksIK50mIKsxVN2Gpj060EErUqqgenisI0a4FFjbrawdS2GZruwudPdwbYgNGqSfDPpeFT1OgvyHEiVZhWxIv3md2FlISoZsB8pH1eNT7J2jVJqZ7CQ_EH3a4PeTRnx1KUDUSC48v3C4ZUzpMHoDaPv3VhwUJ9R1HkceERX4R3PLI2oiXAY0d__nfzYo20qUAbPnEopFJmRbrKWiNv7JZtb0IqnsJYwm1NgHx-VZwzIpgvCQ8YxTE96XL9VRkaWtEYTxb9IK5MiiciJz9M_xB-niqW3iGnhQfj75ILBi43dI_lGfY7-bFDK7f8DXZg4he3spSNdDNnpz0gEC2kT0uSe5-zWff7ezx8U0LtskE2XDacT4f60fJfs5EE0cYbIpInrzpqy3gXOvyukC2NyszKXgwi3OD6zUxngi-ZM3VZsXZIL-fyYB8eDEzeRcclU9o6LqwTtoQX2IxvfQHuWq8Yr0hqKMWFdEVrJ9O3up53LUr2gFbI3QQdxIJA0xSji7rctX1f7ggTwRB3njbaWCXcfC35TpBRqVNFqo3d&data=UlNrNmk5WktYejY4cHFySjRXSWhXQi11MFdZRWVYaEY4aDB1UFFjNVl1Zy1obldIS1M5QWgzQmdDYkdHSmMxbE5acFdrcl9qbFAwSmZSMTFLZjA2OEZTenNfNTUtdWFI&sign=a7629a368e098ba2f40e4bfc393611a5&keyno=0&b64e=2&ref=orjY4mGPRjk5boDnW0uvlrrd71vZw9kpHstIJTJcImWswQwxobpZa0aurgA19FDhOiO_R2XGweiBH8rY3mM_K_uaAFK6ocdJ&l10n=ru&rp=1&cts=1542509425000&mc=4.738310859877477&hdtime=280610" "Mozilla/5.0 (Windows NT 10.0; WOW64; rv:63.0) Gecko/20100101 Firefox/63.0"
172.68.50.140 - - [18/Nov/2018:04:53:02 +0200] "POST /backend/process HTTP/1.1" 200 72 "https://alxth.info/" "Mozilla/5.0 (Windows NT 10.0; WOW64; rv:63.0) Gecko/20100101 Firefox/63.0"
172.68.50.140 - - [18/Nov/2018:04:53:02 +0200] "GET / HTTP/1.1" 200 228713 "https://yandex.ru/clck/jsredir?bu=adf3&from=yandex.ru%3Bsearch%2F%3Bweb%3B%3B&text=&etext=1974.1rt6kVDT_yawF2reGeFIdGxksDAAZ6TN1uJPXNPBVPNYrnqXRM-IPELO1U4QlB2t.d2efa24d57c32b580b718951e15d76e556f5f722&uuid=&state=PEtFfuTeVD5kpHnK9lio9dFa2ePbDzX7fH_cbK-eu2V8J4cbFpzDXW9rYi7SZhqEJIq8fXhATr5ZDzTC0wt8G3_gJx6j4JtiWNTkLlj3OoOuMaM4tSnnJw,,&&cst=AiuY0DBWFJ5Hyx_fyvalFAbfO2tshXPm1smxZB9IBJhauK70TB2yWGciDirHvt2usu8K7wrUbjYzQLcVfSGv2C4ZuKcksIK50mIKsxVN2Gpj060EErUqqgenisI0a4FFjbrawdS2GZruwudPdwbYgNGqSfDPpeFT1OgvyHEiVZhWxIv3md2FlISoZsB8pH1eNT7J2jVJqZ7CQ_EH3a4PeTRnx1KUDUSC48v3C4ZUzpMHoDaPv3VhwUJ9R1HkceERX4R3PLI2oiXAY0d__nfzYo20qUAbPnEopFJmRbrKWiNv7JZtb0IqnsJYwm1NgHx-VZwzIpgvCQ8YxTE96XL9VRkaWtEYTxb9IK5MiiciJz9M_xB-niqW3iGnhQfj75ILBi43dI_lGfY7-bFDK7f8DXZg4he3spSNdDNnpz0gEC2kT0uSe5-zWff7ezx8U0LtskE2XDacT4f60fJfs5EE0cYbIpInrzpqy3gXOvyukC2NyszKXgwi3OD6zUxngi-ZM3VZsXZIL-fyYB8eDEzeRcclU9o6LqwTtoQX2IxvfQHuWq8Yr0hqKMWFdEVrJ9O3up53LUr2gFbI3QQdxIJA0xSji7rctX1f7ggTwRB3njbaWCXcfC35TpBRqVNFqo3d&data=UlNrNmk5WktYejY4cHFySjRXSWhXQi11MFdZRWVYaEY4aDB1UFFjNVl1Zy1obldIS1M5QWgzQmdDYkdHSmMxbE5acFdrcl9qbFAwSmZSMTFLZjA2OEZTenNfNTUtdWFI&sign=a7629a368e098ba2f40e4bfc393611a5&keyno=0&b64e=2&ref=orjY4mGPRjk5boDnW0uvlrrd71vZw9kpHstIJTJcImWswQwxobpZa0aurgA19FDhOiO_R2XGweiBH8rY3mM_K_uaAFK6ocdJ&l10n=ru&rp=1&cts=1542509452625&mc=4.727966625549491&hdtime=308235" "Mozilla/5.0 (Windows NT 10.0; WOW64; rv:63.0) Gecko/20100101 Firefox/63.0"
172.68.50.140 - - [18/Nov/2018:04:53:04 +0200] "POST /backend/process HTTP/1.1" 200 72 "https://alxth.info/" "Mozilla/5.0 (Windows NT 10.0; WOW64; rv:63.0) Gecko/20100101 Firefox/63.0"
172.68.50.140 - - [18/Nov/2018:04:53:13 +0200] "POST /backend/process HTTP/1.1" 200 72 "https://alxth.info/" "Mozilla/5.0 (Windows NT 10.0; WOW64; rv:63.0) Gecko/20100101 Firefox/63.0"
172.68.51.86 - - [18/Nov/2018:04:53:24 +0200] "POST /backend/process HTTP/1.1" 200 72 "https://alxth.info/" "Mozilla/5.0 (Windows NT 10.0; WOW64; rv:63.0) Gecko/20100101 Firefox/63.0"
172.68.51.86 - - [18/Nov/2018:04:53:26 +0200] "POST /backend/process HTTP/1.1" 200 72 "https://alxth.info/" "Mozilla/5.0 (Windows NT 10.0; WOW64; rv:63.0) Gecko/20100101 Firefox/63.0"
172.68.51.86 - - [18/Nov/2018:04:53:33 +0200] "POST /backend/process HTTP/1.1" 200 40281 "https://alxth.info/" "Mozilla/5.0 (Windows NT 10.0; WOW64; rv:63.0) Gecko/20100101 Firefox/63.0"
172.68.50.140 - - [18/Nov/2018:04:53:35 +0200] "POST /backend/process HTTP/1.1" 200 72 "https://alxth.info/" "Mozilla/5.0 (Windows NT 10.0; WOW64; rv:63.0) Gecko/20100101 Firefox/63.0"
172.68.51.86 - - [18/Nov/2018:04:53:47 +0200] "POST /backend/process HTTP/1.1" 200 72 "https://alxth.info/" "Mozilla/5.0 (Windows NT 10.0; WOW64; rv:63.0) Gecko/20100101 Firefox/63.0"
172.68.51.86 - - [18/Nov/2018:04:53:49 +0200] "POST /backend/process HTTP/1.1" 200 72 "https://alxth.info/" "Mozilla/5.0 (Windows NT 10.0; WOW64; rv:63.0) Gecko/20100101 Firefox/63.0"
172.68.51.86 - - [18/Nov/2018:04:53:54 +0200] "POST /backend/process HTTP/1.1" 200 41554 "https://alxth.info/" "Mozilla/5.0 (Windows NT 10.0; WOW64; rv:63.0) Gecko/20100101 Firefox/63.0"
172.68.51.86 - - [18/Nov/2018:04:53:56 +0200] "POST /backend/process HTTP/1.1" 200 72 "https://alxth.info/" "Mozilla/5.0 (Windows NT 10.0; WOW64; rv:63.0) Gecko/20100101 Firefox/63.0"
172.68.51.86 - - [18/Nov/2018:04:53:57 +0200] "POST /backend/process HTTP/1.1" 200 72 "https://alxth.info/" "Mozilla/5.0 (Windows NT 10.0; WOW64; rv:63.0) Gecko/20100101 Firefox/63.0"
172.68.51.86 - - [18/Nov/2018:04:53:59 +0200] "POST /backend/process HTTP/1.1" 200 72 "https://alxth.info/" "Mozilla/5.0 (Windows NT 10.0; WOW64; rv:63.0) Gecko/20100101 Firefox/63.0"
172.68.51.86 - - [18/Nov/2018:04:54:03 +0200] "POST /backend/process HTTP/1.1" 200 72 "https://alxth.info/" "Mozilla/5.0 (Windows NT 10.0; WOW64; rv:63.0) Gecko/20100101 Firefox/63.0"
172.68.51.86 - - [18/Nov/2018:04:54:05 +0200] "POST /backend/process HTTP/1.1" 200 72 "https://alxth.info/" "Mozilla/5.0 (Windows NT 10.0; WOW64; rv:63.0) Gecko/20100101 Firefox/63.0"
172.68.51.86 - - [18/Nov/2018:04:54:06 +0200] "POST /backend/process HTTP/1.1" 200 72 "https://alxth.info/" "Mozilla/5.0 (Windows NT 10.0; WOW64; rv:63.0) Gecko/20100101 Firefox/63.0"
172.68.51.86 - - [18/Nov/2018:04:54:08 +0200] "POST /backend/process HTTP/1.1" 200 72 "https://alxth.info/" "Mozilla/5.0 (Windows NT 10.0; WOW64; rv:63.0) Gecko/20100101 Firefox/63.0"
172.68.51.86 - - [18/Nov/2018:04:54:13 +0200] "POST /backend/process HTTP/1.1" 200 72 "https://alxth.info/" "Mozilla/5.0 (Windows NT 10.0; WOW64; rv:63.0) Gecko/20100101 Firefox/63.0"
172.68.51.86 - - [18/Nov/2018:04:54:13 +0200] "GET /moscowloveclub.ru HTTP/1.1" 307 5 "https://alxth.info/" "Mozilla/5.0 (Windows NT 10.0; WOW64; rv:63.0) Gecko/20100101 Firefox/63.0"
172.68.51.86 - - [18/Nov/2018:04:54:16 +0200] "POST /backend/process HTTP/1.1" 200 72 "https://alxth.info/" "Mozilla/5.0 (Windows NT 10.0; WOW64; rv:63.0) Gecko/20100101 Firefox/63.0"
172.68.51.86 - - [18/Nov/2018:04:54:18 +0200] "POST /backend/process HTTP/1.1" 200 72 "https://alxth.info/" "Mozilla/5.0 (Windows NT 10.0; WOW64; rv:63.0) Gecko/20100101 Firefox/63.0"
172.68.51.86 - - [18/Nov/2018:04:54:20 +0200] "POST /backend/process HTTP/1.1" 200 72 "https://alxth.info/" "Mozilla/5.0 (Windows NT 10.0; WOW64; rv:63.0) Gecko/20100101 Firefox/63.0"
172.68.51.86 - - [18/Nov/2018:04:54:20 +0200] "GET /moscowloveclub.ru HTTP/1.1" 200 72608 "https://alxth.info/" "Mozilla/5.0 (Windows NT 10.0; WOW64; rv:63.0) Gecko/20100101 Firefox/63.0"
172.68.51.176 - - [18/Nov/2018:04:54:21 +0200] "GET /assets/images/icons/WordPress.png HTTP/1.1" 200 2000 "https://alxth.info/moscowloveclub.ru" "Mozilla/5.0 (Windows NT 10.0; WOW64; rv:63.0) Gecko/20100101 Firefox/63.0"
172.68.50.122 - - [18/Nov/2018:04:54:21 +0200] "GET /assets/js/app.js?v=3.3.4 HTTP/1.1" 200 5408 "https://alxth.info/moscowloveclub.ru" "Mozilla/5.0 (Windows NT 10.0; WOW64; rv:63.0) Gecko/20100101 Firefox/63.0"
172.68.51.86 - - [18/Nov/2018:04:54:24 +0200] "POST /backend/process HTTP/1.1" 200 72 "https://alxth.info/" "Mozilla/5.0 (Windows NT 10.0; WOW64; rv:63.0) Gecko/20100101 Firefox/63.0"
172.68.51.86 - - [18/Nov/2018:04:54:27 +0200] "POST /backend/process HTTP/1.1" 200 72 "https://alxth.info/" "Mozilla/5.0 (Windows NT 10.0; WOW64; rv:63.0) Gecko/20100101 Firefox/63.0"
172.68.51.86 - - [18/Nov/2018:04:54:29 +0200] "POST /backend/process HTTP/1.1" 200 72 "https://alxth.info/" "Mozilla/5.0 (Windows NT 10.0; WOW64; rv:63.0) Gecko/20100101 Firefox/63.0"
172.68.51.86 - - [18/Nov/2018:04:54:31 +0200] "POST /backend/process HTTP/1.1" 200 72 "https://alxth.info/" "Mozilla/5.0 (Windows NT 10.0; WOW64; rv:63.0) Gecko/20100101 Firefox/63.0"
172.68.51.86 - - [18/Nov/2018:04:54:33 +0200] "POST /backend/process HTTP/1.1" 200 72 "https://alxth.info/" "Mozilla/5.0 (Windows NT 10.0; WOW64; rv:63.0) Gecko/20100101 Firefox/63.0"
172.68.51.86 - - [18/Nov/2018:04:54:35 +0200] "POST /backend/process HTTP/1.1" 200 72 "https://alxth.info/" "Mozilla/5.0 (Windows NT 10.0; WOW64; rv:63.0) Gecko/20100101 Firefox/63.0"
172.68.51.86 - - [18/Nov/2018:04:54:36 +0200] "POST /backend/process HTTP/1.1" 200 72 "https://alxth.info/" "Mozilla/5.0 (Windows NT 10.0; WOW64; rv:63.0) Gecko/20100101 Firefox/63.0"
172.68.51.86 - - [18/Nov/2018:04:54:38 +0200] "POST /backend/process HTTP/1.1" 200 72 "https://alxth.info/" "Mozilla/5.0 (Windows NT 10.0; WOW64; rv:63.0) Gecko/20100101 Firefox/63.0"
172.68.51.86 - - [18/Nov/2018:04:54:40 +0200] "POST /backend/process HTTP/1.1" 200 72 "https://alxth.info/" "Mozilla/5.0 (Windows NT 10.0; WOW64; rv:63.0) Gecko/20100101 Firefox/63.0"
172.68.51.86 - - [18/Nov/2018:04:54:42 +0200] "POST /backend/process HTTP/1.1" 200 72 "https://alxth.info/" "Mozilla/5.0 (Windows NT 10.0; WOW64; rv:63.0) Gecko/20100101 Firefox/63.0"
172.68.51.86 - - [18/Nov/2018:04:54:43 +0200] "POST /backend/process HTTP/1.1" 200 72 "https://alxth.info/" "Mozilla/5.0 (Windows NT 10.0; WOW64; rv:63.0) Gecko/20100101 Firefox/63.0"
172.68.51.86 - - [18/Nov/2018:04:54:43 +0200] "GET /moscowlove.club HTTP/1.1" 307 5 "https://alxth.info/" "Mozilla/5.0 (Windows NT 10.0; WOW64; rv:63.0) Gecko/20100101 Firefox/63.0"
172.68.51.86 - - [18/Nov/2018:04:54:43 +0200] "GET /moscowlove.club HTTP/1.1" 200 73785 "https://alxth.info/" "Mozilla/5.0 (Windows NT 10.0; WOW64; rv:63.0) Gecko/20100101 Firefox/63.0"
172.68.51.86 - - [18/Nov/2018:04:54:45 +0200] "POST /backend/process HTTP/1.1" 200 72 "https://alxth.info/" "Mozilla/5.0 (Windows NT 10.0; WOW64; rv:63.0) Gecko/20100101 Firefox/63.0"
172.68.51.86 - - [18/Nov/2018:04:54:45 +0200] "GET /gfe-escort.ru HTTP/1.1" 307 5 "https://alxth.info/" "Mozilla/5.0 (Windows NT 10.0; WOW64; rv:63.0) Gecko/20100101 Firefox/63.0"
172.68.51.86 - - [18/Nov/2018:04:54:46 +0200] "GET /gfe-escort.ru HTTP/1.1" 200 77052 "https://alxth.info/" "Mozilla/5.0 (Windows NT 10.0; WOW64; rv:63.0) Gecko/20100101 Firefox/63.0"
162.158.93.211 - - [18/Nov/2018:04:56:41 +0200] "HEAD /epg HTTP/1.1" 200 0 "-" "Kodi/17.6 (Windows NT 10.0; WOW64) App_Bitness/32 Version/17.6-Git:20171114-a9a7a20"
162.158.88.36 - - [18/Nov/2018:04:56:42 +0200] "GET /epg HTTP/1.1" 200 4486 "-" "Kodi/17.6 (Windows NT 10.0; WOW64) App_Bitness/32 Version/17.6-Git:20171114-a9a7a20"
172.69.226.117 - - [18/Nov/2018:04:58:30 +0200] "GET /filter/tag/price-website HTTP/1.1" 200 26269 "-" "Mozilla/5.0 (compatible; AhrefsBot/5.2; +http://ahrefs.com/robot/)"
162.158.88.30 - - [18/Nov/2018:05:01:43 +0200] "HEAD /epg HTTP/1.1" 200 0 "-" "Kodi/17.6 (Windows NT 10.0; WOW64) App_Bitness/32 Version/17.6-Git:20171114-a9a7a20"
162.158.93.211 - - [18/Nov/2018:05:01:43 +0200] "GET /epg HTTP/1.1" 200 4484 "-" "Kodi/17.6 (Windows NT 10.0; WOW64) App_Bitness/32 Version/17.6-Git:20171114-a9a7a20"
162.158.92.218 - - [18/Nov/2018:05:01:52 +0200] "GET / HTTP/1.1" 200 396937 "-" "Mozilla/5.0 (compatible; YandexBot/3.0; +http://yandex.com/bots)"
172.69.226.147 - - [18/Nov/2018:05:04:35 +0200] "GET /filter/tag/how-much-is-my-website-worth HTTP/1.1" 200 26281 "-" "Mozilla/5.0 (compatible; AhrefsBot/5.2; +http://ahrefs.com/robot/)"
162.158.88.36 - - [18/Nov/2018:05:06:43 +0200] "HEAD /epg HTTP/1.1" 200 0 "-" "Kodi/17.6 (Windows NT 10.0; WOW64) App_Bitness/32 Version/17.6-Git:20171114-a9a7a20"
162.158.93.187 - - [18/Nov/2018:05:06:43 +0200] "GET /epg HTTP/1.1" 200 4486 "-" "Kodi/17.6 (Windows NT 10.0; WOW64) App_Bitness/32 Version/17.6-Git:20171114-a9a7a20"
108.162.229.224 - - [18/Nov/2018:05:10:41 +0200] "GET /filter/tag/site-value-calculator HTTP/1.1" 200 26275 "-" "Mozilla/5.0 (compatible; AhrefsBot/5.2; +http://ahrefs.com/robot/)"
162.158.88.54 - - [18/Nov/2018:05:11:43 +0200] "HEAD /epg HTTP/1.1" 200 0 "-" "Kodi/17.6 (Windows NT 10.0; WOW64) App_Bitness/32 Version/17.6-Git:20171114-a9a7a20"
162.158.88.30 - - [18/Nov/2018:05:11:43 +0200] "GET /epg HTTP/1.1" 200 4486 "-" "Kodi/17.6 (Windows NT 10.0; WOW64) App_Bitness/32 Version/17.6-Git:20171114-a9a7a20"
162.158.91.237 - - [18/Nov/2018:05:16:43 +0200] "HEAD /epg HTTP/1.1" 200 0 "-" "Kodi/17.6 (Windows NT 10.0; WOW64) App_Bitness/32 Version/17.6-Git:20171114-a9a7a20"
162.158.88.6 - - [18/Nov/2018:05:16:43 +0200] "GET /epg HTTP/1.1" 200 4487 "-" "Kodi/17.6 (Windows NT 10.0; WOW64) App_Bitness/32 Version/17.6-Git:20171114-a9a7a20"
141.101.69.133 - - [18/Nov/2018:05:16:44 +0200] "GET /filter/tag/site-worth HTTP/1.1" 200 26271 "-" "Mozilla/5.0 (compatible; AhrefsBot/5.2; +http://ahrefs.com/robot/)"
108.162.246.81 - - [18/Nov/2018:05:18:12 +0200] "GET /supertrubka.org HTTP/1.1" 200 59664 "-" "Mozilla/5.0 (compatible; bingbot/2.0; +http://www.bing.com/bingbot.htm)"
162.158.79.21 - - [18/Nov/2018:05:20:04 +0200] "GET / HTTP/1.1" 200 396935 "-" "Mozilla/5.0 (X11; Linux x86_64) Gecko/20100101 Firefox/42.0"
162.158.90.178 - - [18/Nov/2018:05:21:43 +0200] "HEAD /epg HTTP/1.1" 200 0 "-" "Kodi/17.6 (Windows NT 10.0; WOW64) App_Bitness/32 Version/17.6-Git:20171114-a9a7a20"
162.158.90.178 - - [18/Nov/2018:05:21:43 +0200] "GET /epg HTTP/1.1" 200 4488 "-" "Kodi/17.6 (Windows NT 10.0; WOW64) App_Bitness/32 Version/17.6-Git:20171114-a9a7a20"
172.68.238.50 - - [18/Nov/2018:05:22:19 +0200] "HEAD /image/%d0%a1%d0%a2%d0%91 HTTP/1.1" 200 0 "http://alxth.info/image/\xD0\xA1\xD0\xA2\xD0\x91" "Kodi/17.6 (X11; Linux x86_64) openSUSE Leap/15.0 App_Bitness/64 Version/17.6-Git:20171114-a9a7a20"
172.68.238.50 - - [18/Nov/2018:05:22:19 +0200] "HEAD /image/%d0%a1%d0%a2%d0%91 HTTP/1.1" 200 0 "http://alxth.info/image/\xD0\xA1\xD0\xA2\xD0\x91" "Kodi/17.6 (X11; Linux x86_64) openSUSE Leap/15.0 App_Bitness/64 Version/17.6-Git:20171114-a9a7a20"
172.68.238.50 - - [18/Nov/2018:05:22:20 +0200] "HEAD /image/%d0%9d%d0%be%d0%b2%d0%b8%d0%b9%20%d0%ba%d0%b0%d0%bd%d0%b0%d0%bb HTTP/1.1" 200 0 "http://alxth.info/image/\xD0\x9D\xD0\xBE\xD0\xB2\xD0\xB8\xD0\xB9 \xD0\xBA\xD0\xB0\xD0\xBD\xD0\xB0\xD0\xBB" "Kodi/17.6 (X11; Linux x86_64) openSUSE Leap/15.0 App_Bitness/64 Version/17.6-Git:20171114-a9a7a20"
172.68.238.50 - - [18/Nov/2018:05:22:20 +0200] "HEAD /image/%d0%9d%d0%be%d0%b2%d0%b8%d0%b9%20%d0%ba%d0%b0%d0%bd%d0%b0%d0%bb HTTP/1.1" 200 0 "http://alxth.info/image/\xD0\x9D\xD0\xBE\xD0\xB2\xD0\xB8\xD0\xB9 \xD0\xBA\xD0\xB0\xD0\xBD\xD0\xB0\xD0\xBB" "Kodi/17.6 (X11; Linux x86_64) openSUSE Leap/15.0 App_Bitness/64 Version/17.6-Git:20171114-a9a7a20"
172.68.238.50 - - [18/Nov/2018:05:22:20 +0200] "HEAD /image/%d0%9f%d0%bb%d1%8e%d1%81%d0%9f%d0%bb%d1%8e%d1%81 HTTP/1.1" 200 0 "http://alxth.info/image/\xD0\x9F\xD0\xBB\xD1\x8E\xD1\x81\xD0\x9F\xD0\xBB\xD1\x8E\xD1\x81" "Kodi/17.6 (X11; Linux x86_64) openSUSE Leap/15.0 App_Bitness/64 Version/17.6-Git:20171114-a9a7a20"
172.68.238.50 - - [18/Nov/2018:05:22:20 +0200] "HEAD /image/%d0%9f%d0%bb%d1%8e%d1%81%d0%9f%d0%bb%d1%8e%d1%81 HTTP/1.1" 200 0 "http://alxth.info/image/\xD0\x9F\xD0\xBB\xD1\x8E\xD1\x81\xD0\x9F\xD0\xBB\xD1\x8E\xD1\x81" "Kodi/17.6 (X11; Linux x86_64) openSUSE Leap/15.0 App_Bitness/64 Version/17.6-Git:20171114-a9a7a20"
172.68.238.50 - - [18/Nov/2018:05:22:20 +0200] "HEAD /image/Lale HTTP/1.1" 200 0 "http://alxth.info/image/Lale" "Kodi/17.6 (X11; Linux x86_64) openSUSE Leap/15.0 App_Bitness/64 Version/17.6-Git:20171114-a9a7a20"
172.68.238.50 - - [18/Nov/2018:05:22:20 +0200] "HEAD /image/Lale HTTP/1.1" 200 0 "http://alxth.info/image/Lale" "Kodi/17.6 (X11; Linux x86_64) openSUSE Leap/15.0 App_Bitness/64 Version/17.6-Git:20171114-a9a7a20"
172.68.238.50 - - [18/Nov/2018:05:22:20 +0200] "HEAD /image/Duck%20TV HTTP/1.1" 200 0 "http://alxth.info/image/Duck TV" "Kodi/17.6 (X11; Linux x86_64) openSUSE Leap/15.0 App_Bitness/64 Version/17.6-Git:20171114-a9a7a20"
172.68.238.50 - - [18/Nov/2018:05:22:20 +0200] "HEAD /image/Duck%20TV HTTP/1.1" 200 0 "http://alxth.info/image/Duck TV" "Kodi/17.6 (X11; Linux x86_64) openSUSE Leap/15.0 App_Bitness/64 Version/17.6-Git:20171114-a9a7a20"
172.68.238.50 - - [18/Nov/2018:05:22:20 +0200] "HEAD /image/%d0%9c%d0%b0%d0%bb%d1%8f%d1%82%d0%ba%d0%be%20TV HTTP/1.1" 200 0 "http://alxth.info/image/\xD0\x9C\xD0\xB0\xD0\xBB\xD1\x8F\xD1\x82\xD0\xBA\xD0\xBE TV" "Kodi/17.6 (X11; Linux x86_64) openSUSE Leap/15.0 App_Bitness/64 Version/17.6-Git:20171114-a9a7a20"
172.68.238.50 - - [18/Nov/2018:05:22:21 +0200] "HEAD /image/%d0%9c%d0%b0%d0%bb%d1%8f%d1%82%d0%ba%d0%be%20TV HTTP/1.1" 200 0 "http://alxth.info/image/\xD0\x9C\xD0\xB0\xD0\xBB\xD1\x8F\xD1\x82\xD0\xBA\xD0\xBE TV" "Kodi/17.6 (X11; Linux x86_64) openSUSE Leap/15.0 App_Bitness/64 Version/17.6-Git:20171114-a9a7a20"
172.68.238.50 - - [18/Nov/2018:05:22:21 +0200] "HEAD /image/%d0%9f%d1%96%d0%ba%d1%81%d0%b5%d0%bb%d1%8c HTTP/1.1" 200 0 "http://alxth.info/image/\xD0\x9F\xD1\x96\xD0\xBA\xD1\x81\xD0\xB5\xD0\xBB\xD1\x8C" "Kodi/17.6 (X11; Linux x86_64) openSUSE Leap/15.0 App_Bitness/64 Version/17.6-Git:20171114-a9a7a20"
172.68.238.50 - - [18/Nov/2018:05:22:21 +0200] "HEAD /image/%d0%9f%d1%96%d0%ba%d1%81%d0%b5%d0%bb%d1%8c HTTP/1.1" 200 0 "http://alxth.info/image/\xD0\x9F\xD1\x96\xD0\xBA\xD1\x81\xD0\xB5\xD0\xBB\xD1\x8C" "Kodi/17.6 (X11; Linux x86_64) openSUSE Leap/15.0 App_Bitness/64 Version/17.6-Git:20171114-a9a7a20"
172.68.238.50 - - [18/Nov/2018:05:22:21 +0200] "HEAD /image/%d0%9f%d1%80%d0%b0%d0%b2%d0%b4%d0%b0%d0%a2%d0%a3%d0%a2%20%d0%9a%d0%b8%d1%97%d0%b2 HTTP/1.1" 200 0 "http://alxth.info/image/\xD0\x9F\xD1\x80\xD0\xB0\xD0\xB2\xD0\xB4\xD0\xB0\xD0\xA2\xD0\xA3\xD0\xA2 \xD0\x9A\xD0\xB8\xD1\x97\xD0\xB2" "Kodi/17.6 (X11; Linux x86_64) openSUSE Leap/15.0 App_Bitness/64 Version/17.6-Git:20171114-a9a7a20"
172.68.238.50 - - [18/Nov/2018:05:22:21 +0200] "HEAD /image/%d0%9f%d1%80%d0%b0%d0%b2%d0%b4%d0%b0%d0%a2%d0%a3%d0%a2%20%d0%9a%d0%b8%d1%97%d0%b2 HTTP/1.1" 200 0 "http://alxth.info/image/\xD0\x9F\xD1\x80\xD0\xB0\xD0\xB2\xD0\xB4\xD0\xB0\xD0\xA2\xD0\xA3\xD0\xA2 \xD0\x9A\xD0\xB8\xD1\x97\xD0\xB2" "Kodi/17.6 (X11; Linux x86_64) openSUSE Leap/15.0 App_Bitness/64 Version/17.6-Git:20171114-a9a7a20"
172.68.238.50 - - [18/Nov/2018:05:22:21 +0200] "HEAD /image/%d0%96%d0%b8%d1%82%d0%be%d0%bc%d0%b8%d1%80 HTTP/1.1" 200 0 "http://alxth.info/image/\xD0\x96\xD0\xB8\xD1\x82\xD0\xBE\xD0\xBC\xD0\xB8\xD1\x80" "Kodi/17.6 (X11; Linux x86_64) openSUSE Leap/15.0 App_Bitness/64 Version/17.6-Git:20171114-a9a7a20"
172.68.238.50 - - [18/Nov/2018:05:22:21 +0200] "HEAD /image/%d0%96%d0%b8%d1%82%d0%be%d0%bc%d0%b8%d1%80 HTTP/1.1" 200 0 "http://alxth.info/image/\xD0\x96\xD0\xB8\xD1\x82\xD0\xBE\xD0\xBC\xD0\xB8\xD1\x80" "Kodi/17.6 (X11; Linux x86_64) openSUSE Leap/15.0 App_Bitness/64 Version/17.6-Git:20171114-a9a7a20"
172.68.238.50 - - [18/Nov/2018:05:22:21 +0200] "HEAD /image/Skrypin%20UA HTTP/1.1" 200 0 "http://alxth.info/image/Skrypin UA" "Kodi/17.6 (X11; Linux x86_64) openSUSE Leap/15.0 App_Bitness/64 Version/17.6-Git:20171114-a9a7a20"
172.68.238.50 - - [18/Nov/2018:05:22:21 +0200] "HEAD /image/Skrypin%20UA HTTP/1.1" 200 0 "http://alxth.info/image/Skrypin UA" "Kodi/17.6 (X11; Linux x86_64) openSUSE Leap/15.0 App_Bitness/64 Version/17.6-Git:20171114-a9a7a20"
172.68.238.50 - - [18/Nov/2018:05:22:21 +0200] "HEAD /image/%d0%93%d1%80%d0%be%d0%bc%d0%b0%d0%b4%d1%81%d1%8c%d0%ba%d0%b5 HTTP/1.1" 200 0 "http://alxth.info/image/\xD0\x93\xD1\x80\xD0\xBE\xD0\xBC\xD0\xB0\xD0\xB4\xD1\x81\xD1\x8C\xD0\xBA\xD0\xB5" "Kodi/17.6 (X11; Linux x86_64) openSUSE Leap/15.0 App_Bitness/64 Version/17.6-Git:20171114-a9a7a20"
172.68.238.50 - - [18/Nov/2018:05:22:22 +0200] "HEAD /image/%d0%93%d1%80%d0%be%d0%bc%d0%b0%d0%b4%d1%81%d1%8c%d0%ba%d0%b5 HTTP/1.1" 200 0 "http://alxth.info/image/\xD0\x93\xD1\x80\xD0\xBE\xD0\xBC\xD0\xB0\xD0\xB4\xD1\x81\xD1\x8C\xD0\xBA\xD0\xB5" "Kodi/17.6 (X11; Linux x86_64) openSUSE Leap/15.0 App_Bitness/64 Version/17.6-Git:20171114-a9a7a20"
172.68.238.50 - - [18/Nov/2018:05:22:22 +0200] "HEAD /image/NewsOne HTTP/1.1" 200 0 "http://alxth.info/image/NewsOne" "Kodi/17.6 (X11; Linux x86_64) openSUSE Leap/15.0 App_Bitness/64 Version/17.6-Git:20171114-a9a7a20"
172.68.238.50 - - [18/Nov/2018:05:22:22 +0200] "HEAD /image/NewsOne HTTP/1.1" 200 0 "http://alxth.info/image/NewsOne" "Kodi/17.6 (X11; Linux x86_64) openSUSE Leap/15.0 App_Bitness/64 Version/17.6-Git:20171114-a9a7a20"
172.68.238.50 - - [18/Nov/2018:05:22:22 +0200] "HEAD /image/3%20%d0%a1%d1%82%d1%83%d0%b4%d1%96%d1%8f HTTP/1.1" 200 0 "http://alxth.info/image/3 \xD0\xA1\xD1\x82\xD1\x83\xD0\xB4\xD1\x96\xD1\x8F" "Kodi/17.6 (X11; Linux x86_64) openSUSE Leap/15.0 App_Bitness/64 Version/17.6-Git:20171114-a9a7a20"
172.68.238.50 - - [18/Nov/2018:05:22:22 +0200] "HEAD /image/3%20%d0%a1%d1%82%d1%83%d0%b4%d1%96%d1%8f HTTP/1.1" 200 0 "http://alxth.info/image/3 \xD0\xA1\xD1\x82\xD1\x83\xD0\xB4\xD1\x96\xD1\x8F" "Kodi/17.6 (X11; Linux x86_64) openSUSE Leap/15.0 App_Bitness/64 Version/17.6-Git:20171114-a9a7a20"
172.68.238.50 - - [18/Nov/2018:05:22:22 +0200] "HEAD /image/%d0%95%d0%ba%d0%be%20TV HTTP/1.1" 200 0 "http://alxth.info/image/\xD0\x95\xD0\xBA\xD0\xBE TV" "Kodi/17.6 (X11; Linux x86_64) openSUSE Leap/15.0 App_Bitness/64 Version/17.6-Git:20171114-a9a7a20"
172.68.238.50 - - [18/Nov/2018:05:22:22 +0200] "HEAD /image/%d0%95%d0%ba%d0%be%20TV HTTP/1.1" 200 0 "http://alxth.info/image/\xD0\x95\xD0\xBA\xD0\xBE TV" "Kodi/17.6 (X11; Linux x86_64) openSUSE Leap/15.0 App_Bitness/64 Version/17.6-Git:20171114-a9a7a20"
108.162.229.224 - - [18/Nov/2018:05:22:54 +0200] "GET /filter/tag/domain-worth HTTP/1.1" 200 26274 "-" "Mozilla/5.0 (compatible; AhrefsBot/5.2; +http://ahrefs.com/robot/)"
162.158.94.18 - - [18/Nov/2018:05:26:43 +0200] "HEAD /epg HTTP/1.1" 200 0 "-" "Kodi/17.6 (Windows NT 10.0; WOW64) App_Bitness/32 Version/17.6-Git:20171114-a9a7a20"
162.158.88.180 - - [18/Nov/2018:05:26:43 +0200] "GET /epg HTTP/1.1" 200 4488 "-" "Kodi/17.6 (Windows NT 10.0; WOW64) App_Bitness/32 Version/17.6-Git:20171114-a9a7a20"
108.162.238.81 - - [18/Nov/2018:05:28:42 +0200] "GET /robots.txt HTTP/1.1" 304 0 "-" "Mozilla/5.0 (compatible; Googlebot/2.1; +http://www.google.com/bot.html)"
172.69.226.87 - - [18/Nov/2018:05:28:58 +0200] "GET /test-radar-develop.demo.almazor-it.info HTTP/1.1" 200 61734 "-" "Mozilla/5.0 (compatible; AhrefsBot/5.2; +http://ahrefs.com/robot/)"
108.162.229.32 - - [18/Nov/2018:05:31:31 +0200] "GET /gfe-escort.ru HTTP/1.1" 200 77047 "-" "Mozilla/5.0 (compatible; AhrefsBot/5.2; +http://ahrefs.com/robot/)"
162.158.88.180 - - [18/Nov/2018:05:31:43 +0200] "HEAD /epg HTTP/1.1" 200 0 "-" "Kodi/17.6 (Windows NT 10.0; WOW64) App_Bitness/32 Version/17.6-Git:20171114-a9a7a20"
162.158.90.178 - - [18/Nov/2018:05:31:43 +0200] "GET /epg HTTP/1.1" 200 4487 "-" "Kodi/17.6 (Windows NT 10.0; WOW64) App_Bitness/32 Version/17.6-Git:20171114-a9a7a20"
141.101.69.199 - - [18/Nov/2018:05:32:54 +0200] "GET /moscowlove.club HTTP/1.1" 200 73762 "-" "Mozilla/5.0 (compatible; AhrefsBot/5.2; +http://ahrefs.com/robot/)"
172.69.226.87 - - [18/Nov/2018:05:35:30 +0200] "GET /login?r=1 HTTP/1.1" 200 4104 "-" "Mozilla/5.0 (compatible; AhrefsBot/5.2; +http://ahrefs.com/robot/)"
162.158.93.199 - - [18/Nov/2018:05:36:44 +0200] "HEAD /epg HTTP/1.1" 200 0 "-" "Kodi/17.6 (Windows NT 10.0; WOW64) App_Bitness/32 Version/17.6-Git:20171114-a9a7a20"
162.158.92.92 - - [18/Nov/2018:05:36:44 +0200] "GET /epg HTTP/1.1" 200 4487 "-" "Kodi/17.6 (Windows NT 10.0; WOW64) App_Bitness/32 Version/17.6-Git:20171114-a9a7a20"
